core_cm4.h:1777:22:__NVIC_ClearPendingIRQ	16	static
main.c:82:5:main	304	static
main.c:262:6:SystemClock_Config	88	static
main.c:307:13:MX_TIM1_Init	80	static
main.c:380:13:MX_TIM2_Init	32	static
main.c:425:13:MX_USART2_UART_Init	8	static
main.c:458:13:MX_GPIO_Init	40	static
main.c:480:6:HAL_UART_RxCpltCallback	16	static
main.c:496:6:HAL_GPIO_EXTI_Callback	16	static
main.c:512:6:HAL_TIM_PeriodElapsedCallback	16	static
main.c:520:9:Command_read	24	static
main.c:547:6:Error_Handler	4	static,ignoring_inline_asm
